[
  {
    "name": "App1"
  },
  {
    "name": "App2"
  }
]